ASxxxx Linker V03.00 + NoICE + sdld,  page 1.
Hexadecimal  [32-Bits]

Area                                    Addr        Size        Decimal Bytes (Attributes)
--------------------------------        ----        ----        ------- ----- ------------
.  .ABS.                            00000000    00000000 =           0. bytes (ABS,CON)

      Value  Global                              Global Defined In Module
      -----  --------------------------------   ------------------------
     00000000  .__.ABS.                           cpct_video
     0000000D  l__DATA                         
     00000131  l__CODE                         
     00004000  s__CODE                         
     00004131  s__DATA                         

ASxxxx Linker V03.00 + NoICE + sdld,  page 2.
Hexadecimal  [32-Bits]

Area                                    Addr        Size        Decimal Bytes (Attributes)
--------------------------------        ----        ----        ------- ----- ------------
_CODE                               00004000    00000131 =         305. bytes (REL,CON)

      Value  Global                              Global Defined In Module
      -----  --------------------------------   ------------------------
     00004023  _main                              
     00004045  checkUserInput                     
     00004060  _cpct_waitVSYNC                    cpct_video
     00004060  cpct_waitVSYNC_asm                 cpct_video
     00004068  cpct_drawSolidBox_asm              cpct_sprites
     00004114  _cpct_mode_rom_status              cpct_firmware
     00004115  cpct_getScreenPtr_asm              cpct_video

ASxxxx Linker V03.00 + NoICE + sdld,  page 3.
Hexadecimal  [32-Bits]

Area                                    Addr        Size        Decimal Bytes (Attributes)
--------------------------------        ----        ----        ------- ----- ------------
_DATA                               00004131    0000000D =          13. bytes (REL,CON)

      Value  Global                              Global Defined In Module
      -----  --------------------------------   ------------------------
     0000413A  hero_x                             
     0000413B  hero_y                             
     0000413C  hero_x_size                        
     0000413D  hero_y_size                        

ASxxxx Linker V03.00 + NoICE + sdld,  page 4.

Files Linked                              [ module(s) ]

obj/cpctelera.h.rel                       [  ]
obj/main.rel                              [  ]
obj/control.rel                           [  ]
obj/control.h.rel                         [  ]


Libraries Linked                          [ object file ]

/home/alexei/Escritorio/Amstrad/cpctelera/cpctelera/cpctelera.lib
                                          [ cpct_waitVSYNC.rel ]
/home/alexei/Escritorio/Amstrad/cpctelera/cpctelera/cpctelera.lib
                                          [ cpct_drawSolidBox_asmbindings.re ]
/home/alexei/Escritorio/Amstrad/cpctelera/cpctelera/cpctelera.lib
                                          [ cpc_mode_rom_status.rel ]
/home/alexei/Escritorio/Amstrad/cpctelera/cpctelera/cpctelera.lib
                                          [ cpct_getScreenPtr_asmbindings.re ]

ASxxxx Linker V03.00 + NoICE + sdld,  page 5.

User Base Address Definitions

_CODE = 0x4000
_DATA = 0x0000

