ASxxxx Linker V03.00 + NoICE + sdld,  page 1.
Hexadecimal  [32-Bits]

Area                                    Addr        Size        Decimal Bytes (Attributes)
--------------------------------        ----        ----        ------- ----- ------------
.  .ABS.                            00000000    00000000 =           0. bytes (ABS,CON)

      Value  Global                              Global Defined In Module
      -----  --------------------------------   ------------------------
     00000000  .__.ABS.                           cpct_keyboard
     00000000  l__CABS                         
     00000000  l__DABS                         
     00000000  l__GSFINAL                      
     00000000  l__GSINIT                       
     00000000  l__HOME                         
     00000000  l__INITIALIZED                  
     00000000  l__INITIALIZER                  
     00000000  s__CABS                         
     00000000  s__DABS                         
     00000016  l__DATA                         
     000002E8  l__CODE                         
     00004000  s__CODE                         
     000042E8  s__DATA                         
     000042FE  s__GSFINAL                      
     000042FE  s__GSINIT                       
     000042FE  s__HOME                         
     000042FE  s__INITIALIZED                  
     000042FE  s__INITIALIZER                  

ASxxxx Linker V03.00 + NoICE + sdld,  page 2.
Hexadecimal  [32-Bits]

Area                                    Addr        Size        Decimal Bytes (Attributes)
--------------------------------        ----        ----        ------- ----- ------------
_CODE                               00004000    000002E8 =         744. bytes (REL,CON)

      Value  Global                              Global Defined In Module
      -----  --------------------------------   ------------------------
     00004000  _t_palette                         test
     00004010  _t_test                            test
     0000405C  _main                              
     00004081  drawBox                            
     00004099  moveBox                            
     000040ED  avoidCollision                     
     000040EE  deathCollision                     
     00004108  moveObject                         
     00004159  jumpControl                        
     0000417C  checkUserInput                     
     000041B3  _cpct_isKeyPressed                 cpct_keyboard
     000041B3  cpct_isKeyPressed_asm              cpct_keyboard
     000041BF  _cpct_keyboardStatusBuffer         cpct_keyboard
     000041C9  _cpct_waitVSYNC                    cpct_video
     000041C9  cpct_waitVSYNC_asm                 cpct_video
     000041D1  cpct_setVideoMode_asm              cpct_video
     000041DE  _cpct_disableFirmware              cpct_firmware
     000041DE  _cpct_removeInterruptHandler       cpct_firmware
     000041DE  cpct_disableFirmware_asm           cpct_firmware
     000041DE  cpct_removeInterruptHandler_asm    cpct_firmware
     000041EE  cpct_drawSolidBox_asm              cpct_sprites
     0000429A  _cpct_mode_rom_status              cpct_firmware
     0000429B  cpct_getScreenPtr_asm              cpct_video
     000042B7  _cpct_scanKeyboard                 cpct_keyboard
     000042B7  cpct_scanKeyboard_asm              cpct_keyboard

ASxxxx Linker V03.00 + NoICE + sdld,  page 3.
Hexadecimal  [32-Bits]

Area                                    Addr        Size        Decimal Bytes (Attributes)
--------------------------------        ----        ----        ------- ----- ------------
_DATA                               000042E8    00000016 =          22. bytes (REL,CON)

      Value  Global                              Global Defined In Module
      -----  --------------------------------   ------------------------
     000042E9  obs_x                              
     000042EA  obs_y                              
     000042EB  obs_x_size                         
     000042EC  obs_y_size                         
     000042ED  hero_x                             
     000042EE  hero_y                             
     000042EF  hero_x_size                        
     000042F0  hero_y_size                        

ASxxxx Linker V03.00 + NoICE + sdld,  page 4.

Files Linked                              [ module(s) ]

obj/sprites/test.rel                      [ test ]
obj/cpctelera.h.rel                       [  ]
obj/main.rel                              [  ]
obj/collision.h.rel                       [  ]
obj/collision.rel                         [  ]
obj/sprite.rel                            [  ]
obj/sprite.h.rel                          [  ]
obj/control.rel                           [  ]
obj/control.h.rel                         [  ]


Libraries Linked                          [ object file ]

/home/alexei/Escritorio/Amstrad/cpctelera/cpctelera/cpctelera.lib
                                          [ cpct_isKeyPressed.rel ]
/home/alexei/Escritorio/Amstrad/cpctelera/cpctelera/cpctelera.lib
                                          [ keyboard.rel ]
/home/alexei/Escritorio/Amstrad/cpctelera/cpctelera/cpctelera.lib
                                          [ cpct_waitVSYNC.rel ]
/home/alexei/Escritorio/Amstrad/cpctelera/cpctelera/cpctelera.lib
                                          [ cpct_setVideoMode_asmbindings.re ]
/home/alexei/Escritorio/Amstrad/cpctelera/cpctelera/cpctelera.lib
                                          [ cpct_removeInterruptHandler.rel ]
/home/alexei/Escritorio/Amstrad/cpctelera/cpctelera/cpctelera.lib
                                          [ cpct_drawSolidBox_asmbindings.re ]
/home/alexei/Escritorio/Amstrad/cpctelera/cpctelera/cpctelera.lib
                                          [ cpc_mode_rom_status.rel ]
/home/alexei/Escritorio/Amstrad/cpctelera/cpctelera/cpctelera.lib
                                          [ cpct_getScreenPtr_asmbindings.re ]
/home/alexei/Escritorio/Amstrad/cpctelera/cpctelera/cpctelera.lib
                                          [ cpct_scanKeyboard.rel ]

ASxxxx Linker V03.00 + NoICE + sdld,  page 5.

User Base Address Definitions

_CODE = 0x4000
_DATA = 0x0000

